2026-05-10T21:16:49.414-04:00  INFO 47512 --- [seguridadcalidad] [main] c.d.s.InvoiceControllerTests             : Starting InvoiceControllerTests using Java 25.0.2 with PID 47512 (started by Renato in C:\Users\Renato\Desktop\RamosActuales\Frontend)
2026-05-10T21:16:49.421-04:00  INFO 47512 --- [seguridadcalidad] [main] c.d.s.InvoiceControllerTests             : No active profile set, falling back to 1 default profile: "default"
2026-05-10T21:16:50.225-04:00  INFO 47512 --- [seguridadcalidad] [main] r$InitializeUserDetailsManagerConfigurer : Global AuthenticationManager configured with UserDetailsService bean with name users
2026-05-10T21:16:50.511-04:00  INFO 47512 --- [seguridadcalidad] [main] o.s.b.t.m.w.SpringBootMockServletContext : Initializing Spring TestDispatcherServlet ''
2026-05-10T21:16:50.512-04:00  INFO 47512 --- [seguridadcalidad] [main] o.s.t.web.servlet.TestDispatcherServlet  : Initializing Servlet ''
2026-05-10T21:16:50.513-04:00  INFO 47512 --- [seguridadcalidad] [main] o.s.t.web.servlet.TestDispatcherServlet  : Completed initialization in 1 ms
2026-05-10T21:16:50.566-04:00  INFO 47512 --- [seguridadcalidad] [main] c.d.s.InvoiceControllerTests             : Started InvoiceControllerTests in 1.435 seconds (process running for 3.593)
2026-05-10T21:16:50.765-04:00  WARN 47512 --- [seguridadcalidad] [main] c.d.s.PatientRestController              : POST /api/patients missing authentication token
2026-05-10T21:16:50.768-04:00  WARN 47512 --- [seguridadcalidad] [main] c.d.s.PatientRestController              : GET /api/patients missing authentication token
2026-05-10T21:16:50.774-04:00  INFO 47512 --- [seguridadcalidad] [main] t.c.s.AnnotationConfigContextLoaderUtils : Could not detect default configuration classes for test class [com.duoc.seguridadcalidad.SeguridadcalidadApplicationTests]: SeguridadcalidadApplicationTests does not declare any static, non-private, non-final, nested classes annotated with @Configuration.
2026-05-10T21:16:50.774-04:00  INFO 47512 --- [seguridadcalidad] [main] .b.t.c.SpringBootTestContextBootstrapper : Found @SpringBootConfiguration com.duoc.seguridadcalidad.SeguridadcalidadApplication for test class com.duoc.seguridadcalidad.SeguridadcalidadApplicationTests
2026-05-10T21:16:50.775-04:00  INFO 47512 --- [seguridadcalidad] [main] t.c.s.AnnotationConfigContextLoaderUtils : Could not detect default configuration classes for test class [com.duoc.seguridadcalidad.SeguridadcalidadApplicationTests]: SeguridadcalidadApplicationTests does not declare any static, non-private, non-final, nested classes annotated with @Configuration.
2026-05-10T21:16:50.776-04:00  INFO 47512 --- [seguridadcalidad] [main] .b.t.c.SpringBootTestContextBootstrapper : Found @SpringBootConfiguration com.duoc.seguridadcalidad.SeguridadcalidadApplication for test class com.duoc.seguridadcalidad.SeguridadcalidadApplicationTests
2026-05-10T21:16:50.797-04:00  INFO 47512 --- [seguridadcalidad] [main] c.d.s.SeguridadcalidadApplicationTests   : Starting SeguridadcalidadApplicationTests using Java 25.0.2 with PID 47512 (started by Renato in C:\Users\Renato\Desktop\RamosActuales\Frontend)
2026-05-10T21:16:50.797-04:00  INFO 47512 --- [seguridadcalidad] [main] c.d.s.SeguridadcalidadApplicationTests   : No active profile set, falling back to 1 default profile: "default"
2026-05-10T21:16:51.020-04:00  INFO 47512 --- [seguridadcalidad] [main] r$InitializeUserDetailsManagerConfigurer : Global AuthenticationManager configured with UserDetailsService bean with name users
2026-05-10T21:16:51.059-04:00  INFO 47512 --- [seguridadcalidad] [main] c.d.s.SeguridadcalidadApplicationTests   : Started SeguridadcalidadApplicationTests in 0.28 seconds (process running for 4.087)
2026-05-10T21:27:56.910-04:00  INFO 36968 --- [seguridadcalidad] [main] c.d.s.InvoiceControllerTests             : Starting InvoiceControllerTests using Java 25.0.2 with PID 36968 (started by Renato in C:\Users\Renato\Desktop\RamosActuales\Frontend)
2026-05-10T21:27:56.911-04:00  INFO 36968 --- [seguridadcalidad] [main] c.d.s.InvoiceControllerTests             : No active profile set, falling back to 1 default profile: "default"
2026-05-10T21:27:57.653-04:00  INFO 36968 --- [seguridadcalidad] [main] r$InitializeUserDetailsManagerConfigurer : Global AuthenticationManager configured with UserDetailsService bean with name users
2026-05-10T21:27:57.935-04:00  INFO 36968 --- [seguridadcalidad] [main] o.s.b.t.m.w.SpringBootMockServletContext : Initializing Spring TestDispatcherServlet ''
2026-05-10T21:27:57.935-04:00  INFO 36968 --- [seguridadcalidad] [main] o.s.t.web.servlet.TestDispatcherServlet  : Initializing Servlet ''
2026-05-10T21:27:57.936-04:00  INFO 36968 --- [seguridadcalidad] [main] o.s.t.web.servlet.TestDispatcherServlet  : Completed initialization in 1 ms
2026-05-10T21:27:57.986-04:00  INFO 36968 --- [seguridadcalidad] [main] c.d.s.InvoiceControllerTests             : Started InvoiceControllerTests in 1.313 seconds (process running for 3.427)
2026-05-10T21:27:58.176-04:00  WARN 36968 --- [seguridadcalidad] [main] c.d.s.PatientRestController              : POST /api/patients missing authentication token
2026-05-10T21:27:58.178-04:00  WARN 36968 --- [seguridadcalidad] [main] c.d.s.PatientRestController              : GET /api/patients missing authentication token
2026-05-10T21:27:58.183-04:00  INFO 36968 --- [seguridadcalidad] [main] t.c.s.AnnotationConfigContextLoaderUtils : Could not detect default configuration classes for test class [com.duoc.seguridadcalidad.SeguridadcalidadApplicationTests]: SeguridadcalidadApplicationTests does not declare any static, non-private, non-final, nested classes annotated with @Configuration.
2026-05-10T21:27:58.184-04:00  INFO 36968 --- [seguridadcalidad] [main] .b.t.c.SpringBootTestContextBootstrapper : Found @SpringBootConfiguration com.duoc.seguridadcalidad.SeguridadcalidadApplication for test class com.duoc.seguridadcalidad.SeguridadcalidadApplicationTests
2026-05-10T21:27:58.184-04:00  INFO 36968 --- [seguridadcalidad] [main] t.c.s.AnnotationConfigContextLoaderUtils : Could not detect default configuration classes for test class [com.duoc.seguridadcalidad.SeguridadcalidadApplicationTests]: SeguridadcalidadApplicationTests does not declare any static, non-private, non-final, nested classes annotated with @Configuration.
2026-05-10T21:27:58.185-04:00  INFO 36968 --- [seguridadcalidad] [main] .b.t.c.SpringBootTestContextBootstrapper : Found @SpringBootConfiguration com.duoc.seguridadcalidad.SeguridadcalidadApplication for test class com.duoc.seguridadcalidad.SeguridadcalidadApplicationTests
2026-05-10T21:27:58.204-04:00  INFO 36968 --- [seguridadcalidad] [main] c.d.s.SeguridadcalidadApplicationTests   : Starting SeguridadcalidadApplicationTests using Java 25.0.2 with PID 36968 (started by Renato in C:\Users\Renato\Desktop\RamosActuales\Frontend)
2026-05-10T21:27:58.205-04:00  INFO 36968 --- [seguridadcalidad] [main] c.d.s.SeguridadcalidadApplicationTests   : No active profile set, falling back to 1 default profile: "default"
2026-05-10T21:27:58.429-04:00  INFO 36968 --- [seguridadcalidad] [main] r$InitializeUserDetailsManagerConfigurer : Global AuthenticationManager configured with UserDetailsService bean with name users
2026-05-10T21:27:58.467-04:00  INFO 36968 --- [seguridadcalidad] [main] c.d.s.SeguridadcalidadApplicationTests   : Started SeguridadcalidadApplicationTests in 0.279 seconds (process running for 3.908)
2026-05-10T21:31:24.372-04:00  INFO 39352 --- [seguridadcalidad] [main] c.d.s.InvoiceControllerTests             : Starting InvoiceControllerTests using Java 25.0.2 with PID 39352 (started by Renato in C:\Users\Renato\Desktop\RamosActuales\Frontend)
2026-05-10T21:31:24.373-04:00  INFO 39352 --- [seguridadcalidad] [main] c.d.s.InvoiceControllerTests             : No active profile set, falling back to 1 default profile: "default"
2026-05-10T21:31:25.105-04:00  INFO 39352 --- [seguridadcalidad] [main] r$InitializeUserDetailsManagerConfigurer : Global AuthenticationManager configured with UserDetailsService bean with name users
2026-05-10T21:31:25.419-04:00  INFO 39352 --- [seguridadcalidad] [main] o.s.b.t.m.w.SpringBootMockServletContext : Initializing Spring TestDispatcherServlet ''
2026-05-10T21:31:25.419-04:00  INFO 39352 --- [seguridadcalidad] [main] o.s.t.web.servlet.TestDispatcherServlet  : Initializing Servlet ''
2026-05-10T21:31:25.421-04:00  INFO 39352 --- [seguridadcalidad] [main] o.s.t.web.servlet.TestDispatcherServlet  : Completed initialization in 2 ms
2026-05-10T21:31:25.477-04:00  INFO 39352 --- [seguridadcalidad] [main] c.d.s.InvoiceControllerTests             : Started InvoiceControllerTests in 1.357 seconds (process running for 3.547)
2026-05-10T21:31:25.668-04:00  WARN 39352 --- [seguridadcalidad] [main] c.d.s.PatientRestController              : POST /api/patients missing authentication token
2026-05-10T21:31:25.670-04:00  WARN 39352 --- [seguridadcalidad] [main] c.d.s.PatientRestController              : GET /api/patients missing authentication token
2026-05-10T21:31:25.675-04:00  INFO 39352 --- [seguridadcalidad] [main] t.c.s.AnnotationConfigContextLoaderUtils : Could not detect default configuration classes for test class [com.duoc.seguridadcalidad.SeguridadcalidadApplicationTests]: SeguridadcalidadApplicationTests does not declare any static, non-private, non-final, nested classes annotated with @Configuration.
2026-05-10T21:31:25.676-04:00  INFO 39352 --- [seguridadcalidad] [main] .b.t.c.SpringBootTestContextBootstrapper : Found @SpringBootConfiguration com.duoc.seguridadcalidad.SeguridadcalidadApplication for test class com.duoc.seguridadcalidad.SeguridadcalidadApplicationTests
2026-05-10T21:31:25.677-04:00  INFO 39352 --- [seguridadcalidad] [main] t.c.s.AnnotationConfigContextLoaderUtils : Could not detect default configuration classes for test class [com.duoc.seguridadcalidad.SeguridadcalidadApplicationTests]: SeguridadcalidadApplicationTests does not declare any static, non-private, non-final, nested classes annotated with @Configuration.
2026-05-10T21:31:25.678-04:00  INFO 39352 --- [seguridadcalidad] [main] .b.t.c.SpringBootTestContextBootstrapper : Found @SpringBootConfiguration com.duoc.seguridadcalidad.SeguridadcalidadApplication for test class com.duoc.seguridadcalidad.SeguridadcalidadApplicationTests
2026-05-10T21:31:25.696-04:00  INFO 39352 --- [seguridadcalidad] [main] c.d.s.SeguridadcalidadApplicationTests   : Starting SeguridadcalidadApplicationTests using Java 25.0.2 with PID 39352 (started by Renato in C:\Users\Renato\Desktop\RamosActuales\Frontend)
2026-05-10T21:31:25.697-04:00  INFO 39352 --- [seguridadcalidad] [main] c.d.s.SeguridadcalidadApplicationTests   : No active profile set, falling back to 1 default profile: "default"
2026-05-10T21:31:25.919-04:00  INFO 39352 --- [seguridadcalidad] [main] r$InitializeUserDetailsManagerConfigurer : Global AuthenticationManager configured with UserDetailsService bean with name users
2026-05-10T21:31:25.959-04:00  INFO 39352 --- [seguridadcalidad] [main] c.d.s.SeguridadcalidadApplicationTests   : Started SeguridadcalidadApplicationTests in 0.278 seconds (process running for 4.03)
2026-05-10T21:32:49.879-04:00  INFO 30492 --- [seguridadcalidad] [main] c.d.s.InvoiceControllerTests             : Starting InvoiceControllerTests using Java 25.0.2 with PID 30492 (started by Renato in C:\Users\Renato\Desktop\RamosActuales\Frontend)
2026-05-10T21:32:49.880-04:00  INFO 30492 --- [seguridadcalidad] [main] c.d.s.InvoiceControllerTests             : No active profile set, falling back to 1 default profile: "default"
2026-05-10T21:32:50.643-04:00  INFO 30492 --- [seguridadcalidad] [main] r$InitializeUserDetailsManagerConfigurer : Global AuthenticationManager configured with UserDetailsService bean with name users
2026-05-10T21:32:50.928-04:00  INFO 30492 --- [seguridadcalidad] [main] o.s.b.t.m.w.SpringBootMockServletContext : Initializing Spring TestDispatcherServlet ''
2026-05-10T21:32:50.928-04:00  INFO 30492 --- [seguridadcalidad] [main] o.s.t.web.servlet.TestDispatcherServlet  : Initializing Servlet ''
2026-05-10T21:32:50.930-04:00  INFO 30492 --- [seguridadcalidad] [main] o.s.t.web.servlet.TestDispatcherServlet  : Completed initialization in 2 ms
2026-05-10T21:32:50.983-04:00  INFO 30492 --- [seguridadcalidad] [main] c.d.s.InvoiceControllerTests             : Started InvoiceControllerTests in 1.366 seconds (process running for 3.496)
2026-05-10T21:32:51.180-04:00  WARN 30492 --- [seguridadcalidad] [main] c.d.s.PatientRestController              : POST /api/patients missing authentication token
2026-05-10T21:32:51.183-04:00  WARN 30492 --- [seguridadcalidad] [main] c.d.s.PatientRestController              : GET /api/patients missing authentication token
2026-05-10T21:32:51.187-04:00  INFO 30492 --- [seguridadcalidad] [main] t.c.s.AnnotationConfigContextLoaderUtils : Could not detect default configuration classes for test class [com.duoc.seguridadcalidad.SeguridadcalidadApplicationTests]: SeguridadcalidadApplicationTests does not declare any static, non-private, non-final, nested classes annotated with @Configuration.
2026-05-10T21:32:51.188-04:00  INFO 30492 --- [seguridadcalidad] [main] .b.t.c.SpringBootTestContextBootstrapper : Found @SpringBootConfiguration com.duoc.seguridadcalidad.SeguridadcalidadApplication for test class com.duoc.seguridadcalidad.SeguridadcalidadApplicationTests
2026-05-10T21:32:51.189-04:00  INFO 30492 --- [seguridadcalidad] [main] t.c.s.AnnotationConfigContextLoaderUtils : Could not detect default configuration classes for test class [com.duoc.seguridadcalidad.SeguridadcalidadApplicationTests]: SeguridadcalidadApplicationTests does not declare any static, non-private, non-final, nested classes annotated with @Configuration.
2026-05-10T21:32:51.189-04:00  INFO 30492 --- [seguridadcalidad] [main] .b.t.c.SpringBootTestContextBootstrapper : Found @SpringBootConfiguration com.duoc.seguridadcalidad.SeguridadcalidadApplication for test class com.duoc.seguridadcalidad.SeguridadcalidadApplicationTests
2026-05-10T21:32:51.208-04:00  INFO 30492 --- [seguridadcalidad] [main] c.d.s.SeguridadcalidadApplicationTests   : Starting SeguridadcalidadApplicationTests using Java 25.0.2 with PID 30492 (started by Renato in C:\Users\Renato\Desktop\RamosActuales\Frontend)
2026-05-10T21:32:51.208-04:00  INFO 30492 --- [seguridadcalidad] [main] c.d.s.SeguridadcalidadApplicationTests   : No active profile set, falling back to 1 default profile: "default"
2026-05-10T21:32:51.429-04:00  INFO 30492 --- [seguridadcalidad] [main] r$InitializeUserDetailsManagerConfigurer : Global AuthenticationManager configured with UserDetailsService bean with name users
2026-05-10T21:32:51.467-04:00  INFO 30492 --- [seguridadcalidad] [main] c.d.s.SeguridadcalidadApplicationTests   : Started SeguridadcalidadApplicationTests in 0.275 seconds (process running for 3.98)
